// Jest Snapshot v1, https://goo.gl/fbAQLP

exports[`Chip component shows same UI as expected 1`] = `
<button
  class="w-fit flex items-center rounded-[4px] gap-[4px] px-[8px] py-[2px] text-smSemiBold bg-primary-500 hover:bg-primary-600 text-gray-100"
>
  Test Chip
</button>
`;
